Product: MDK-ARM Professional 5.10
Component: ARM Compiler 5.04 update 1 (build 49)
Tool: armlink [5040049]

==============================================================================

Section Cross References

    main.o(i.GetDataEvent) refers to ffixi.o(.text) for __aeabi_f2iz
    main.o(i.GetDataEvent) refers to sensor.o(.constdata) for Sensor
    main.o(i.GetDataEvent) refers to main.o(.data) for yaw
    main.o(i.GetDataEvent) refers to detectionlogic.o(.data) for MotorLeftSpeed
    main.o(i.SetDataEvent) refers to main.o(.data) for lastCodeID
    main.o(i.SetDataEvent) refers to detectionlogic.o(.bss) for LeftSpeed
    main.o(i.SetDataEvent) refers to detectionlogic.o(.data) for PathPos
    main.o(i.SetDataEvent) refers to main.o(.bss) for pathbuff
    main.o(i.SetDataEvent) refers to detectionlogic.o(.constdata) for PathType
    main.o(i.SetDataEvent) refers to motor.o(.constdata) for Motor
    main.o(i.inPoint) refers to detectionlogic.o(.data) for PathPos
    main.o(i.inPoint) refers to main.o(.data) for lastAction
    main.o(i.inway) refers to timer.o(.data) for TimerTick
    main.o(i.inway) refers to main.o(.data) for lastTick
    main.o(i.inway) refers to detectionlogic.o(.data) for PathPos
    main.o(i.led) refers to ffixi.o(.text) for __aeabi_f2iz
    main.o(i.led) refers to uart.o(.constdata) for UART
    main.o(i.led) refers to main.o(.data) for yaw
    main.o(i.led) refers to detectionlogic.o(.data) for Yaw
    main.o(i.main) refers to sys.o(i.Stm32_Clock_Init) for Stm32_Clock_Init
    main.o(i.main) refers to sys.o(i.JTAG_Set) for JTAG_Set
    main.o(i.main) refers to led.o(i.LED_Init) for LED_Init
    main.o(i.main) refers to delay.o(i.delay_ms) for delay_ms
    main.o(i.main) refers to inv_mpu.o(i.mpu_dmp_init) for mpu_dmp_init
    main.o(i.main) refers to wave.o(.constdata) for Wave
    main.o(i.main) refers to motor.o(.constdata) for Motor
    main.o(i.main) refers to sensor.o(.constdata) for Sensor
    main.o(i.main) refers to timer.o(.constdata) for Timer
    main.o(i.main) refers to mpu6050.o(.constdata) for MPU
    main.o(i.main) refers to uart.o(.constdata) for UART
    main.o(i.main) refers to uartprotocol.o(i.OnRecvData) for OnRecvData
    main.o(i.main) refers to uartprotocol.o(.constdata) for UartProtocol
    main.o(i.main) refers to main.o(i.tick1) for tick1
    main.o(i.main) refers to detectionlogic.o(.constdata) for DetectionLogic
    main.o(i.main) refers to main.o(.bss) for pathbuff
    main.o(i.main) refers to detectionlogic.o(.data) for PathList
    main.o(i.main) refers to main.o(i.inway) for inway
    main.o(i.main) refers to main.o(i.inPoint) for inPoint
    main.o(i.main) refers to main.o(i.turndone) for turndone
    main.o(i.main) refers to main.o(.data) for lastAction
    main.o(i.main) refers to main.o(i.AliveEvent) for AliveEvent
    main.o(i.main) refers to main.o(i.GetDataEvent) for GetDataEvent
    main.o(i.main) refers to main.o(i.SetDataEvent) for SetDataEvent
    main.o(i.tick1) refers to delay.o(i.delay_us) for delay_us
    main.o(i.tick1) refers to ffltui.o(.text) for __aeabi_ui2f
    main.o(i.tick1) refers to f2d.o(.text) for __aeabi_f2d
    main.o(i.tick1) refers to dmul.o(.text) for __aeabi_dmul
    main.o(i.tick1) refers to dfixui.o(.text) for __aeabi_d2uiz
    main.o(i.tick1) refers to main.o(.data) for ch
    main.o(i.tick1) refers to timer.o(.constdata) for Timer
    main.o(i.tick1) refers to wave.o(.data) for TIM3CH3_CAPTURE_STA
    main.o(i.turndone) refers to timer.o(.data) for TimerTick
    main.o(i.turndone) refers to main.o(.data) for lastTick
    main.o(i.turndone) refers to detectionlogic.o(.data) for PathPos
    startup_stm32f10x_md.o(RESET) refers to startup_stm32f10x_md.o(STACK) for __initial_sp
    startup_stm32f10x_md.o(RESET) refers to startup_stm32f10x_md.o(.text) for Reset_Handler
    startup_stm32f10x_md.o(RESET) refers to timer.o(i.SysTick_Handler) for SysTick_Handler
    startup_stm32f10x_md.o(RESET) refers to wave.o(i.TIM3_IRQHandler) for TIM3_IRQHandler
    startup_stm32f10x_md.o(RESET) refers to uart.o(i.USART1_IRQHandler) for USART1_IRQHandler
    startup_stm32f10x_md.o(.text) refers to entry.o(.ARM.Collect$$$$00000000) for __main
    wave.o(i.GetTime) refers to delay.o(i.delay_us) for delay_us
    wave.o(i.GetTime) refers to delay.o(i.delay_ms) for delay_ms
    wave.o(i.GetTime) refers to wave.o(.data) for TIM3CH3_CAPTURE_STA
    wave.o(i.Init) refers to wave.o(i.TIM3CapInit) for TIM3CapInit
    wave.o(i.TIM3CapInit) refers to sys.o(i.MY_NVIC_Init) for MY_NVIC_Init
    wave.o(i.TIM3_IRQHandler) refers to wave.o(.data) for TIM3CH3_CAPTURE_STA
    wave.o(i.Time2Length) refers to ffltui.o(.text) for __aeabi_ui2f
    wave.o(i.Time2Length) refers to f2d.o(.text) for __aeabi_f2d
    wave.o(i.Time2Length) refers to dmul.o(.text) for __aeabi_dmul
    wave.o(i.Time2Length) refers to ddiv.o(.text) for __aeabi_ddiv
    wave.o(i.Time2Length) refers to dfixui.o(.text) for __aeabi_d2uiz
[...]
    i.MY_NVIC_Init                           0x08001440   Section        0  sys.o(i.MY_NVIC_Init)
    i.MY_NVIC_PriorityGroupConfig            0x080014b4   Section        0  sys.o(i.MY_NVIC_PriorityGroupConfig)
    i.MY_NVIC_SetVectorTable                 0x080014dc   Section        0  sys.o(i.MY_NVIC_SetVectorTable)
    i.MotorRun                               0x080014f0   Section        0  detectionlogic.o(i.MotorRun)
    MotorRun                                 0x080014f1   Thumb Code    18  detectionlogic.o(i.MotorRun)
    i.NAck                                   0x08001514   Section        0  iic.o(i.NAck)
    NAck                                     0x08001515   Thumb Code    66  iic.o(i.NAck)
    i.OnRecvData                             0x08001564   Section        0  uartprotocol.o(i.OnRecvData)
    i.RTADC                                  0x0800165c   Section        0  sensor.o(i.RTADC)
    i.ReadBuff                               0x080016a4   Section        0  uartprotocol.o(i.ReadBuff)
    ReadBuff                                 0x080016a5   Thumb Code    68  uartprotocol.o(i.ReadBuff)
    i.ReadByte                               0x080016f4   Section        0  uartprotocol.o(i.ReadByte)
    ReadByte                                 0x080016f5   Thumb Code    38  uartprotocol.o(i.ReadByte)
    i.ReadDWord                              0x08001728   Section        0  uartprotocol.o(i.ReadDWord)
    ReadDWord                                0x08001729   Thumb Code   106  uartprotocol.o(i.ReadDWord)
    i.ReadData                               0x080017a0   Section        0  sensor.o(i.ReadData)
    ReadData                                 0x080017a1   Thumb Code    10  sensor.o(i.ReadData)
    i.ReadWord                               0x080017b0   Section        0  uartprotocol.o(i.ReadWord)
    ReadWord                                 0x080017b1   Thumb Code    68  uartprotocol.o(i.ReadWord)
    i.Read_Byte                              0x08001800   Section        0  iic.o(i.Read_Byte)
    Read_Byte                                0x08001801   Thumb Code    98  iic.o(i.Read_Byte)
    i.Read_Byte                              0x08001870   Section        0  mpu6050.o(i.Read_Byte)
    Read_Byte                                0x08001871   Thumb Code    78  mpu6050.o(i.Read_Byte)
    i.Read_Len                               0x080018c4   Section        0  mpu6050.o(i.Read_Len)
    Read_Len                                 0x080018c5   Thumb Code   140  mpu6050.o(i.Read_Len)
    i.RegisterCmdEvent                       0x08001954   Section        0  uartprotocol.o(i.RegisterCmdEvent)
    i.RegisterEvent                          0x08001960   Section        0  detectionlogic.o(i.RegisterEvent)
    i.SendCmdPack                            0x0800196c   Section        0  uartprotocol.o(i.SendCmdPack)
    i.SendPack                               0x080019b0   Section        0  uartprotocol.o(i.SendPack)
    i.Send_Byte                              0x08001a14   Section        0  iic.o(i.Send_Byte)
    Send_Byte                                0x08001a15   Thumb Code    90  iic.o(i.Send_Byte)
    i.SensorDetection                        0x08001a7c   Section        0  detectionlogic.o(i.SensorDetection)
    i.SetDataEvent                           0x08002014   Section        0  main.o(i.SetDataEvent)
    i.SetDelay                               0x080022a4   Section        0  timer.o(i.SetDelay)
    i.SetTargetYaw                           0x080022bc   Section        0  detectionlogic.o(i.SetTargetYaw)
    i.SetTimer                               0x080022f8   Section        0  timer.o(i.SetTimer)
    i.Set_Accel_Fsr                          0x08002358   Section        0  mpu6050.o(i.Set_Accel_Fsr)
    Set_Accel_Fsr                            0x08002359   Thumb Code    18  mpu6050.o(i.Set_Accel_Fsr)
    i.Set_Gyro_Fsr                           0x08002370   Section        0  mpu6050.o(i.Set_Gyro_Fsr)
    Set_Gyro_Fsr                             0x08002371   Thumb Code    18  mpu6050.o(i.Set_Gyro_Fsr)
    i.Set_LPF                                0x08002388   Section        0  mpu6050.o(i.Set_LPF)
    Set_LPF                                  0x08002389   Thumb Code    60  mpu6050.o(i.Set_LPF)
    i.Set_Rate                               0x080023c8   Section        0  mpu6050.o(i.Set_Rate)
    Set_Rate                                 0x080023c9   Thumb Code    62  mpu6050.o(i.Set_Rate)
    i.Setoffset                              0x0800240c   Section        0  uartprotocol.o(i.Setoffset)
    Setoffset                                0x0800240d   Thumb Code    20  uartprotocol.o(i.Setoffset)
    i.Start                                  0x08002424   Section        0  iic.o(i.Start)
    Start                                    0x08002425   Thumb Code    64  iic.o(i.Start)
    i.Stm32_Clock_Init                       0x08002470   Section        0  sys.o(i.Stm32_Clock_Init)
    i.Stop                                   0x08002500   Section        0  iic.o(i.Stop)
    Stop                                     0x08002501   Thumb Code    62  iic.o(i.Stop)
    i.StopRun                                0x0800254c   Section        0  detectionlogic.o(i.StopRun)
    i.StopRunAction                          0x080025c0   Section        0  detectionlogic.o(i.StopRunAction)
    StopRunAction                            0x080025c1   Thumb Code    50  detectionlogic.o(i.StopRunAction)
    i.SysTick_Handler                        0x0800260c   Section        0  timer.o(i.SysTick_Handler)
    i.TIM3CapInit                            0x08002654   Section        0  wave.o(i.TIM3CapInit)
    TIM3CapInit                              0x08002655   Thumb Code   260  wave.o(i.TIM3CapInit)
    i.TIM3_IRQHandler                        0x08002764   Section        0  wave.o(i.TIM3_IRQHandler)
    i.TimerRun                               0x080028d8   Section        0  timer.o(i.TimerRun)
    i.UART_Init                              0x080029ac   Section        0  uart.o(i.UART_Init)
    i.UART_OnRecv                            0x08002a6c   Section        0  uart.o(i.UART_OnRecv)
    i.UART_ReSetBps                          0x08002a78   Section        0  uart.o(i.UART_ReSetBps)
    i.UART_SendBuff                          0x08002ad8   Section        0  uart.o(i.UART_SendBuff)
    i.UART_SendByte                          0x08002afc   Section        0  uart.o(i.UART_SendByte)
    i.UART_SendString                        0x08002b18   Section        0  uart.o(i.UART_SendString)
    i.USART1_IRQHandler                      0x08002b38   Section        0  uart.o(i.USART1_IRQHandler)
    i.UartCmd                                0x08002b58   Section        0  uartprotocol.o(i.UartCmd)
    i.UnRegisterCmdEvent                     0x08002bd4   Section        0  uartprotocol.o(i.UnRegisterCmdEvent)
    i.Update                                 0x08002c00   Section        0  pid.o(i.Update)
    Update                                   0x08002c01   Thumb Code    90  pid.o(i.Update)
    i.Wait_Ack                               0x08002c5c   Section        0  iic.o(i.Wait_Ack)
    Wait_Ack                                 0x08002c5d   Thumb Code    86  iic.o(i.Wait_Ack)
    i.WaveDetection                          0x08002cc0   Section        0  detectionlogic.o(i.WaveDetection)
    i.WriteBuff                              0x08002d28   Section        0  uartprotocol.o(i.WriteBuff)
    WriteBuff                                0x08002d29   Thumb Code    92  uartprotocol.o(i.WriteBuff)
    i.WriteByte                              0x08002d98   Section        0  uartprotocol.o(i.WriteByte)
    WriteByte                                0x08002d99   Thumb Code    80  uartprotocol.o(i.WriteByte)
    i.WriteDWord                             0x08002dfc   Section        0  uartprotocol.o(i.WriteDWord)
    WriteDWord                               0x08002dfd   Thumb Code   222  uartprotocol.o(i.WriteDWord)
    i.WriteWord                              0x08002ef0   Section        0  uartprotocol.o(i.WriteWord)
    WriteWord                                0x08002ef1   Thumb Code   130  uartprotocol.o(i.WriteWord)
    i.Write_Byte                             0x08002f88   Section        0  mpu6050.o(i.Write_Byte)
    Write_Byte                               0x08002f89   Thumb Code    88  mpu6050.o(i.Write_Byte)
    i.Write_Len                              0x08002fe4   Section        0  mpu6050.o(i.Write_Len)
    Write_Len                                0x08002fe5   Thumb Code   116  mpu6050.o(i.Write_Len)
    i.Writestr                               0x0800305c   Section        0  uartprotocol.o(i.Writestr)
    Writestr                                 0x0800305d   Thumb Code    94  uartprotocol.o(i.Writestr)
    i.ZeroDelay                              0x080030d0   Section        0  timer.o(i.ZeroDelay)
    i.__0printf$8                            0x080030ec   Section        0  printf8.o(i.__0printf$8)
    i.__scatterload_copy                     0x0800310c   Section       14  handlers.o(i.__scatterload_copy)
    i.__scatterload_null                     0x0800311a   Section        2  handlers.o(i.__scatterload_null)
    i.__scatterload_zeroinit                 0x0800311c   Section       14  handlers.o(i.__scatterload_zeroinit)
    i._printf_core                           0x0800312c   Section        0  printf8.o(i._printf_core)
    _printf_core                             0x0800312d   Thumb Code   988  printf8.o(i._printf_core)
    i._printf_post_padding                   0x08003534   Section        0  printf8.o(i._printf_post_padding)
    _printf_post_padding                     0x08003535   Thumb Code    36  printf8.o(i._printf_post_padding)
    i._printf_pre_padding                    0x08003558   Section        0  printf8.o(i._printf_pre_padding)
    _printf_pre_padding                      0x08003559   Thumb Code    46  printf8.o(i._printf_pre_padding)
    i.aack                                   0x08003588   Section        0  uartprotocol.o(i.aack)
    i.accel_self_test                        0x08003594   Section        0  inv_mpu.o(i.accel_self_test)
    accel_self_test                          0x08003595   Thumb Code   164  inv_mpu.o(i.accel_self_test)
    i.ackpack                                0x0800363c   Section        0  uartprotocol.o(i.ackpack)
    i.delay_ms                               0x080036d4   Section        0  delay.o(i.delay_ms)
    i.delay_us                               0x080036ec   Section        0  delay.o(i.delay_us)
    i.dmp_enable_6x_lp_quat                  0x08003734   Section        0  inv_mpu_dmp_motion_driver.o(i.dmp_enable_6x_lp_quat)
    i.dmp_enable_feature                     0x08003770   Section        0  inv_mpu_dmp_motion_driver.o(i.dmp_enable_feature)
    i.dmp_enable_gyro_cal                    0x0800398c   Section        0  inv_mpu_dmp_motion_driver.o(i.dmp_enable_gyro_cal)
    i.dmp_enable_lp_quat                     0x080039e4   Section        0  inv_mpu_dmp_motion_driver.o(i.dmp_enable_lp_quat)
    i.dmp_load_motion_driver_firmware        0x08003a20   Section        0  inv_mpu_dmp_motion_driver.o(i.dmp_load_motion_driver_firmware)
    i.dmp_set_accel_bias                     0x08003a38   Section        0  inv_mpu_dmp_motion_driver.o(i.dmp_set_accel_bias)
    i.dmp_set_fifo_rate                      0x08003b68   Section        0  inv_mpu_dmp_motion_driver.o(i.dmp_set_fifo_rate)
    i.dmp_set_gyro_bias                      0x08003bd8   Section        0  inv_mpu_dmp_motion_driver.o(i.dmp_set_gyro_bias)
    i.dmp_set_orientation                    0x08003d08   Section        0  inv_mpu_dmp_motion_driver.o(i.dmp_set_orientation)
    i.dmp_set_shake_reject_thresh            0x08003e40   Section        0  inv_mpu_dmp_motion_driver.o(i.dmp_set_shake_reject_thresh)
    i.dmp_set_shake_reject_time              0x08003e78   Section        0  inv_mpu_dmp_motion_driver.o(i.dmp_set_shake_reject_time)
    i.dmp_set_shake_reject_timeout           0x08003e9e   Section        0  inv_mpu_dmp_motion_driver.o(i.dmp_set_shake_reject_timeout)
    i.dmp_set_tap_axes                       0x08003ec4   Section        0  inv_mpu_dmp_motion_driver.o(i.dmp_set_tap_axes)
    i.dmp_set_tap_count                      0x08003f0a   Section        0  inv_mpu_dmp_motion_driver.o(i.dmp_set_tap_count)
    i.dmp_set_tap_thresh                     0x08003f30   Section        0  inv_mpu_dmp_motion_driver.o(i.dmp_set_tap_thresh)
    i.dmp_set_tap_time                       0x080040d0   Section        0  inv_mpu_dmp_motion_driver.o(i.dmp_set_tap_time)
    i.dmp_set_tap_time_multi                 0x080040f6   Section        0  inv_mpu_dmp_motion_driver.o(i.dmp_set_tap_time_multi)
    i.fputc                                  0x0800411c   Section        0  fputc.o(i.fputc)
    i.getADCValue                            0x08004130   Section        0  adc.o(i.getADCValue)
    getADCValue                              0x08004131   Thumb Code    70  adc.o(i.getADCValue)
    i.getCHVA                                0x0800417c   Section        0  sensor.o(i.getCHVA)
    getCHVA                                  0x0800417d   Thumb Code    10  sensor.o(i.getCHVA)
    i.getLastError                           0x0800418c   Section        0  detectionlogic.o(i.getLastError)
    getLastError                             0x0800418d   Thumb Code     6  detectionlogic.o(i.getLastError)
    i.getLastPath                            0x08004198   Section        0  detectionlogic.o(i.getLastPath)
    getLastPath                              0x08004199   Thumb Code    18  detectionlogic.o(i.getLastPath)
    i.getPathCount                           0x080041b0   Section        0  detectionlogic.o(i.getPathCount)
    getPathCount                             0x080041b1   Thumb Code    30  detectionlogic.o(i.getPathCount)
    i.getTime                                0x080041d4   Section        0  detectionlogic.o(i.getTime)
    getTime                                  0x080041d5   Thumb Code     6  detectionlogic.o(i.getTime)
    i.get_accel_prod_shift                   0x080041e0   Section        0  inv_mpu.o(i.get_accel_prod_shift)
    get_accel_prod_shift                     0x080041e1   Thumb Code   170  inv_mpu.o(i.get_accel_prod_shift)
    i.get_st_biases                          0x0800429c   Section        0  inv_mpu.o(i.get_st_biases)
    get_st_biases                            0x0800429d   Thumb Code  1170  inv_mpu.o(i.get_st_biases)
    i.getbuff                                0x08004734   Section        0  uartprotocol.o(i.getbuff)
    getbuff                                  0x08004735   Thumb Code    12  uartprotocol.o(i.getbuff)
    i.getcmd                                 0x08004748   Section        0  uartprotocol.o(i.getcmd)
    getcmd                                   0x08004749   Thumb Code     6  uartprotocol.o(i.getcmd)
    i.getdir                                 0x08004754   Section        0  detectionlogic.o(i.getdir)
    getdir                                   0x08004755   Thumb Code     6  detectionlogic.o(i.getdir)
    i.getlen                                 0x08004760   Section        0  uartprotocol.o(i.getlen)
    getlen                                   0x08004761   Thumb Code     6  uartprotocol.o(i.getlen)
    i.getsendbuff                            0x0800476c   Section        0  uartprotocol.o(i.getsendbuff)
    getsendbuff                              0x0800476d   Thumb Code    12  uartprotocol.o(i.getsendbuff)
    i.gyro_self_test                         0x08004780   Section        0  inv_mpu.o(i.gyro_self_test)
    gyro_self_test                           0x08004781   Thumb Code   260  inv_mpu.o(i.gyro_self_test)
    i.inPoint                                0x08004898   Section        0  main.o(i.inPoint)
    i.inPoint                                0x080048e8   Section        0  detectionlogic.o(i.inPoint)
    inPoint                                  0x080048e9   Thumb Code    34  detectionlogic.o(i.inPoint)
    i.init                                   0x08004914   Section        0  motor.o(i.init)
    init                                     0x08004915   Thumb Code   172  motor.o(i.init)
    i.init                                   0x080049d0   Section        0  sensor.o(i.init)
    init                                     0x080049d1   Thumb Code   130  sensor.o(i.init)
    i.init                                   0x08004a6c   Section        0  detectionlogic.o(i.init)
    init                                     0x08004a6d   Thumb Code    58  detectionlogic.o(i.init)
    i.init                                   0x08004ab4   Section        0  adc.o(i.init)
    init                                     0x08004ab5   Thumb Code   134  adc.o(i.init)
    i.inturndone                             0x08004b44   Section        0  detectionlogic.o(i.inturndone)
    inturndone                               0x08004b45   Thumb Code    30  detectionlogic.o(i.inturndone)
    i.inv_orientation_matrix_to_scalar       0x08004b6c   Section        0  inv_mpu.o(i.inv_orientation_matrix_to_scalar)
    i.inv_row_2_scale                        0x08004b94   Section        0  inv_mpu.o(i.inv_row_2_scale)
    i.inway                                  0x08004be4   Section        0  main.o(i.inway)
    i.inway                                  0x08004ca0   Section        0  detectionlogic.o(i.inway)
    inway                                    0x08004ca1   Thumb Code   128  detectionlogic.o(i.inway)
    i.isLink                                 0x08004d2c   Section        0  uartprotocol.o(i.isLink)
    i.isUse                                  0x08004d40   Section        0  timer.o(i.isUse)
    i.main                                   0x08004d5c   Section        0  main.o(i.main)
    i.mpu_configure_fifo                     0x08004ec8   Section        0  inv_mpu.o(i.mpu_configure_fifo)
    i.mpu_dmp_init                           0x08004f38   Section        0  inv_mpu.o(i.mpu_dmp_init)
    i.mpu_get_accel_fsr                      0x08004fd8   Section        0  inv_mpu.o(i.mpu_get_accel_fsr)
    i.mpu_get_accel_sens                     0x08005024   Section        0  inv_mpu.o(i.mpu_get_accel_sens)
    i.mpu_get_fifo_config                    0x08005078   Section        0  inv_mpu.o(i.mpu_get_fifo_config)
    i.mpu_get_gyro_fsr                       0x08005088   Section        0  inv_mpu.o(i.mpu_get_gyro_fsr)
    i.mpu_get_gyro_sens                      0x080050cc   Section        0  inv_mpu.o(i.mpu_get_gyro_sens)
    i.mpu_get_lpf                            0x0800511c   Section        0  inv_mpu.o(i.mpu_get_lpf)
    i.mpu_get_sample_rate                    0x0800516c   Section        0  inv_mpu.o(i.mpu_get_sample_rate)
    i.mpu_init                               0x0800518c   Section        0  inv_mpu.o(i.mpu_init)
    i.mpu_load_firmware                      0x08005388   Section        0  inv_mpu.o(i.mpu_load_firmware)
    i.mpu_lp_accel_mode                      0x08005448   Section        0  inv_mpu.o(i.mpu_lp_accel_mode)
    i.mpu_read_mem                           0x08005530   Section        0  inv_mpu.o(i.mpu_read_mem)
    i.mpu_reset_fifo                         0x080055b8   Section        0  inv_mpu.o(i.mpu_reset_fifo)
    i.mpu_run_self_test                      0x08005798   Section        0  inv_mpu.o(i.mpu_run_self_test)
    i.mpu_set_accel_fsr                      0x080058b4   Section        0  inv_mpu.o(i.mpu_set_accel_fsr)
    i.mpu_set_bypass                         0x0800593c   Section        0  inv_mpu.o(i.mpu_set_bypass)
    i.mpu_set_dmp_state                      0x08005a98   Section        0  inv_mpu.o(i.mpu_set_dmp_state)
    i.mpu_set_gyro_fsr                       0x08005b30   Section        0  inv_mpu.o(i.mpu_set_gyro_fsr)
    i.mpu_set_int_latched                    0x08005bc0   Section        0  inv_mpu.o(i.mpu_set_int_latched)
    i.mpu_set_lpf                            0x08005c30   Section        0  inv_mpu.o(i.mpu_set_lpf)
    i.mpu_set_sample_rate                    0x08005cb8   Section        0  inv_mpu.o(i.mpu_set_sample_rate)
    i.mpu_set_sensors                        0x08005d5c   Section        0  inv_mpu.o(i.mpu_set_sensors)
    i.mpu_write_mem                          0x08005e34   Section        0  inv_mpu.o(i.mpu_write_mem)
    i.run_self_test                          0x08005ebc   Section        0  inv_mpu.o(i.run_self_test)
    i.sendackpacket                          0x08005f50   Section        0  uartprotocol.o(i.sendackpacket)
    i.setCHTH                                0x08005f70   Section        0  sensor.o(i.setCHTH)
    setCHTH                                  0x08005f71   Thumb Code     8  sensor.o(i.setCHTH)
    i.setDuty                                0x08005f7c   Section        0  motor.o(i.setDuty)
    setDuty                                  0x08005f7d   Thumb Code    16  motor.o(i.setDuty)
    i.setLenghtData                          0x08005f90   Section        0  wave.o(i.setLenghtData)
    i.setSpeed                               0x08005fa4   Section        0  motor.o(i.setSpeed)
    setSpeed                                 0x08005fa5   Thumb Code   442  motor.o(i.setSpeed)
    i.set_int_enable                         0x0800616c   Section        0  inv_mpu.o(i.set_int_enable)
    set_int_enable                           0x0800616d   Thumb Code   142  inv_mpu.o(i.set_int_enable)
    i.switchCH                               0x08006204   Section        0  sensor.o(i.switchCH)
    switchCH                                 0x08006205   Thumb Code   130  sensor.o(i.switchCH)
    i.tick1                                  0x08006290   Section        0  main.o(i.tick1)
    i.turndone                               0x080063b0   Section        0  main.o(i.turndone)
    .constdata                               0x080063e0   Section        8  wave.o(.constdata)
    .constdata                               0x080063e8   Section        8  motor.o(.constdata)
    .constdata                               0x080063f0   Section        8  pid.o(.constdata)
    .constdata                               0x080063f8   Section       20  sensor.o(.constdata)
    .constdata                               0x0800640c   Section       24  uart.o(.constdata)
    .constdata                               0x08006424   Section       92  uartprotocol.o(.constdata)
    UD                                       0x08006424   Data          60  uartprotocol.o(.constdata)
    .constdata                               0x08006480   Section       40  timer.o(.constdata)
    .constdata                               0x080064a8   Section       32  iic.o(.constdata)
    .constdata                               0x080064c8   Section       48  mpu6050.o(.constdata)
    .constdata                               0x080064f8   Section     3062  inv_mpu_dmp_motion_driver.o(.constdata)
    dmp_memory                               0x080064f8   Data        3062  inv_mpu_dmp_motion_driver.o(.constdata)
    .constdata                               0x080070f0   Section       80  inv_mpu.o(.constdata)
    .constdata                               0x08007140   Section       76  detectionlogic.o(.constdata)
    .constdata                               0x0800718c   Section        8  adc.o(.constdata)
    .conststring                             0x08007194   Section       77  inv_mpu.o(.conststring)
    .data                                    0x20000000   Section       26  main.o(.data)
    ch                                       0x20000019   Data           1  main.o(.data)
    .data                                    0x2000001c   Section       17  wave.o(.data)
    ch                                       0x2000002c   Data           1  wave.o(.data)
    .data                                    0x2000002e   Section        4  delay.o(.data)
    fac_us                                   0x2000002e   Data           1  delay.o(.data)
    fac_ms                                   0x20000030   Data           2  delay.o(.data)
    .data                                    0x20000032   Section        2  motor.o(.data)
    motorstats                               0x20000032   Data           1  motor.o(.data)
    motorstop                                0x20000033   Data           1  motor.o(.data)
    .data                                    0x20000034   Section        3  sensor.o(.data)
    count                                    0x20000036   Data           1  sensor.o(.data)
    .data                                    0x20000038   Section        8  uart.o(.data)
    f                                        0x2000003c   Data           4  uart.o(.data)
    .data                                    0x20000040   Section       42  uartprotocol.o(.data)
    count                                    0x20000068   Data           2  uartprotocol.o(.data)
    .data                                    0x2000006c   Section       13  timer.o(.data)
    BIT                                      0x20000078   Data           1  timer.o(.data)
    .data                                    0x2000007c   Section       53  inv_mpu.o(.data)
    st                                       0x2000007c   Data          44  inv_mpu.o(.data)
    gyro_orientation                         0x200000a8   Data           9  inv_mpu.o(.data)
    .data                                    0x200000b4   Section       68  detectionlogic.o(.data)
    mode                                     0x200000f4   Data           1  detectionlogic.o(.data)
    tick                                     0x200000f6   Data           2  detectionlogic.o(.data)
    .data                                    0x200000f8   Section        4  stdout.o(.data)
    .bss                                     0x200000fc   Section     1216  main.o(.bss)
    .bss                                     0x200005bc   Section       36  sensor.o(.bss)
    .bss                                     0x200005e0   Section       64  uartprotocol.o(.bss)
    .bss                                     0x20000620   Section       96  timer.o(.bss)
    .bss                                     0x20000680   Section       16  inv_mpu_dmp_motion_driver.o(.bss)
    dmp                                      0x20000680   Data          16  inv_mpu_dmp_motion_driver.o(.bss)
    .bss                                     0x20000690   Section       84  detectionlogic.o(.bss)
    STACK                                    0x200006e8   Section     2048  startup_stm32f10x_md.o(STACK)

    Global Symbols

    Symbol Name                              Value     Ov Type        Size  Object(Section)

    BuildAttributes$$THM_ISAv4$P$D$K$B$S$PE$A:L22UL41UL21$X:L11$S22US41US21$IEEE1$IW$USESV6$~STKCKD$USESV7$~SHL$OTIME$ROPI$IEEEX$EBA8$MICROLIB$REQ8$EABIv2 0x00000000   Number         0  anon$$obj.o ABSOLUTE
    __ARM_use_no_argv                        0x00000000   Number         0  main.o ABSOLUTE
    _printf_a                                0x00000000   Number         0  stubs.o ABSOLUTE
    _printf_c                                0x00000000   Number         0  stubs.o ABSOLUTE
    _printf_charcount                        0x00000000   Number         0  stubs.o ABSOLUTE
    _printf_d                                0x00000000   Number         0  stubs.o ABSOLUTE
    _printf_e                                0x00000000   Number         0  stubs.o ABSOLUTE
    _printf_f                                0x00000000   Number         0  stubs.o ABSOLUTE
    _printf_flags                            0x00000000   Number         0  stubs.o ABSOLUTE
    _printf_fp_dec                           0x00000000   Number         0  stubs.o ABSOLUTE
    _printf_fp_hex                           0x00000000   Number         0  stubs.o ABSOLUTE
    _printf_g                                0x00000000   Number         0  stubs.o ABSOLUTE
    _printf_i                                0x00000000   Number         0  stubs.o ABSOLUTE
    _printf_int_dec                          0x00000000   Number         0  stubs.o ABSOLUTE
    _printf_l                                0x00000000   Number         0  stubs.o ABSOLUTE
    _printf_lc                               0x00000000   Number         0  stubs.o ABSOLUTE
    _printf_ll                               0x00000000   Number         0  stubs.o ABSOLUTE
    _printf_lld                              0x00000000   Number         0  stubs.o ABSOLUTE
    _printf_lli                              0x00000000   Number         0  stubs.o ABSOLUTE
    _printf_llo                              0x00000000   Number         0  stubs.o ABSOLUTE
    _printf_llu                              0x00000000   Number         0  stubs.o ABSOLUTE
    _printf_llx                              0x00000000   Number         0  stubs.o ABSOLUTE
    _printf_longlong_dec                     0x00000000   Number         0  stubs.o ABSOLUTE
    _printf_longlong_hex                     0x00000000   Number         0  stubs.o ABSOLUTE
    _printf_longlong_oct                     0x00000000   Number         0  stubs.o ABSOLUTE
    _printf_ls                               0x00000000   Number         0  stubs.o ABSOLUTE
    _printf_mbtowc                           0x00000000   Number         0  stubs.o ABSOLUTE
    _printf_n                                0x00000000   Number         0  stubs.o ABSOLUTE
    _printf_o                                0x00000000   Number         0  stubs.o ABSOLUTE
    _printf_p                                0x00000000   Number         0  stubs.o ABSOLUTE
    _printf_percent                          0x00000000   Number         0  stubs.o ABSOLUTE
    _printf_pre_padding                      0x00000000   Number         0  stubs.o ABSOLUTE
    _printf_return_value                     0x00000000   Number         0  stubs.o ABSOLUTE
    _printf_s                                0x00000000   Number         0  stubs.o ABSOLUTE
    _printf_sizespec                         0x00000000   Number         0  stubs.o ABSOLUTE
    _printf_str                              0x00000000   Number         0  stubs.o ABSOLUTE
    _printf_truncate_signed                  0x00000000   Number         0  stubs.o ABSOLUTE
    _printf_truncate_unsigned                0x00000000   Number         0  stubs.o ABSOLUTE
    _printf_u                                0x00000000   Number         0  stubs.o ABSOLUTE
    _printf_wc                               0x00000000   Number         0  stubs.o ABSOLUTE
    _printf_wctomb                           0x00000000   Number         0  stubs.o ABSOLUTE
    _printf_widthprec                        0x00000000   Number         0  stubs.o ABSOLUTE
    _printf_x                                0x00000000   Number         0  stubs.o ABSOLUTE
    __cpp_initialize__aeabi_                  - Undefined Weak Reference
    __cxa_finalize                            - Undefined Weak Reference
    __decompress                              - Undefined Weak Reference
    _clock_init                               - Undefined Weak Reference
    _microlib_exit                            - Undefined Weak Reference
    __Vectors_Size                           0x000000ec   Number         0  startup_stm32f10x_md.o ABSOLUTE
    __Vectors                                0x08000000   Data           4  startup_stm32f10x_md.o(RESET)
    __Vectors_End                            0x080000ec   Data           0  startup_stm32f10x_md.o(RESET)
    __main                                   0x080000ed   Thumb Code     0  entry.o(.ARM.Collect$$$$00000000)
    _main_stk                                0x080000ed   Thumb Code     0  entry2.o(.ARM.Collect$$$$00000001)
    _main_scatterload                        0x080000f1   Thumb Code     0  entry5.o(.ARM.Collect$$$$00000004)
    __main_after_scatterload                 0x080000f5   Thumb Code     0  entry5.o(.ARM.Collect$$$$00000004)
    _main_clock                              0x080000f5   Thumb Code     0  entry7b.o(.ARM.Collect$$$$00000008)
    _main_cpp_init                           0x080000f5   Thumb Code     0  entry8b.o(.ARM.Collect$$$$0000000A)
    _main_init                               0x080000f5   Thumb Code     0  entry9a.o(.ARM.Collect$$$$0000000B)
    __rt_final_cpp                           0x080000fd   Thumb Code     0  entry10a.o(.ARM.Collect$$$$0000000D)
    __rt_final_exit                          0x080000fd   Thumb Code     0  entry11a.o(.ARM.Collect$$$$0000000F)
    GetSP                                    0x08000101   Thumb Code     4  timer.o(.emb_text)
    GetBreakAddr                             0x08000105   Thumb Code    28  timer.o(.emb_text)
    Reset_Handler                            0x08000125   Thumb Code     4  startup_stm32f10x_md.o(.text)
    NMI_Handler                              0x08000129   Thumb Code     2  startup_stm32f10x_md.o(.text)
    HardFault_Handler                        0x0800012b   Thumb Code     2  startup_stm32f10x_md.o(.text)
    MemManage_Handler                        0x0800012d   Thumb Code     2  startup_stm32f10x_md.o(.text)
    BusFault_Handler                         0x0800012f   Thumb Code     2  startup_stm32f10x_md.o(.text)
    UsageFault_Handler                       0x08000131   Thumb Code     2  startup_stm32f10x_md.o(.text)
    SVC_Handler                              0x08000133   Thumb Code     2  startup_stm32f10x_md.o(.text)
    DebugMon_Handler                         0x08000135   Thumb Code     2  startup_stm32f10x_md.o(.text)
    PendSV_Handler                           0x08000137   Thumb Code     2  startup_stm32f10x_md.o(.text)
    ADC1_2_IRQHandler                        0x0800013b   Thumb Code     0  startup_stm32f10x_md.o(.text)
    CAN1_RX1_IRQHandler                      0x0800013b   Thumb Code     0  startup_stm32f10x_md.o(.text)
    CAN1_SCE_IRQHandler                      0x0800013b   Thumb Code     0  startup_stm32f10x_md.o(.text)
    DMA1_Channel1_IRQHandler                 0x0800013b   Thumb Code     0  startup_stm32f10x_md.o(.text)
    DMA1_Channel2_IRQHandler                 0x0800013b   Thumb Code     0  startup_stm32f10x_md.o(.text)
    DMA1_Channel3_IRQHandler                 0x0800013b   Thumb Code     0  startup_stm32f10x_md.o(.text)
    DMA1_Channel4_IRQHandler                 0x0800013b   Thumb Code     0  startup_stm32f10x_md.o(.text)
    DMA1_Channel5_IRQHandler                 0x0800013b   Thumb Code     0  startup_stm32f10x_md.o(.text)
    DMA1_Channel6_IRQHandler                 0x0800013b   Thumb Code     0  startup_stm32f10x_md.o(.text)
    DMA1_Channel7_IRQHandler                 0x0800013b   Thumb Code     0  startup_stm32f10x_md.o(.text)
    EXTI0_IRQHandler                         0x0800013b   Thumb Code     0  startup_stm32f10x_md.o(.text)
    EXTI15_10_IRQHandler                     0x0800013b   Thumb Code     0  startup_stm32f10x_md.o(.text)
    EXTI1_IRQHandler                         0x0800013b   Thumb Code     0  startup_stm32f10x_md.o(.text)
    EXTI2_IRQHandler                         0x0800013b   Thumb Code     0  startup_stm32f10x_md.o(.text)
    EXTI3_IRQHandler                         0x0800013b   Thumb Code     0  startup_stm32f10x_md.o(.text)
    EXTI4_IRQHandler                         0x0800013b   Thumb Code     0  startup_stm32f10x_md.o(.text)
    EXTI9_5_IRQHandler                       0x0800013b   Thumb Code     0  startup_stm32f10x_md.o(.text)
    FLASH_IRQHandler                         0x0800013b   Thumb Code     0  startup_stm32f10x_md.o(.text)
    I2C1_ER_IRQHandler                       0x0800013b   Thumb Code     0  startup_stm32f10x_md.o(.text)
    I2C1_EV_IRQHandler                       0x0800013b   Thumb Code     0  startup_stm32f10x_md.o(.text)
    I2C2_ER_IRQHandler                       0x0800013b   Thumb Code     0  startup_stm32f10x_md.o(.text)
    I2C2_EV_IRQHandler                       0x0800013b   Thumb Code     0  startup_stm32f10x_md.o(.text)
    PVD_IRQHandler                           0x0800013b   Thumb Code     0  startup_stm32f10x_md.o(.text)
    RCC_IRQHandler                           0x0800013b   Thumb Code     0  startup_stm32f10x_md.o(.text)
    RTCAlarm_IRQHandler                      0x0800013b   Thumb Code     0  startup_stm32f10x_md.o(.text)
    RTC_IRQHandler                           0x0800013b   Thumb Code     0  startup_stm32f10x_md.o(.text)
    SPI1_IRQHandler                          0x0800013b   Thumb Code     0  startup_stm32f10x_md.o(.text)
    SPI2_IRQHandler                          0x0800013b   Thumb Code     0  startup_stm32f10x_md.o(.text)
    TAMPER_IRQHandler                        0x0800013b   Thumb Code     0  startup_stm32f10x_md.o(.text)
    TIM1_BRK_IRQHandler                      0x0800013b   Thumb Code     0  startup_stm32f10x_md.o(.text)
    TIM1_CC_IRQHandler                       0x0800013b   Thumb Code     0  startup_stm32f10x_md.o(.text)
    TIM1_TRG_COM_IRQHandler                  0x0800013b   Thumb Code     0  startup_stm32f10x_md.o(.text)
    TIM1_UP_IRQHandler                       0x0800013b   Thumb Code     0  startup_stm32f10x_md.o(.text)
    TIM2_IRQHandler                          0x0800013b   Thumb Code     0  startup_stm32f10x_md.o(.text)
    TIM4_IRQHandler                          0x0800013b   Thumb Code     0  startup_stm32f10x_md.o(.text)
    USART2_IRQHandler                        0x0800013b   Thumb Code     0  startup_stm32f10x_md.o(.text)
    USART3_IRQHandler                        0x0800013b   Thumb Code     0  startup_stm32f10x_md.o(.text)
    USBWakeUp_IRQHandler                     0x0800013b   Thumb Code     0  startup_stm32f10x_md.o(.text)
    USB_HP_CAN1_TX_IRQHandler                0x0800013b   Thumb Code     0  startup_stm32f10x_md.o(.text)
    USB_LP_CAN1_RX0_IRQHandler               0x0800013b   Thumb Code     0  startup_stm32f10x_md.o(.text)
    WWDG_IRQHandler                          0x0800013b   Thumb Code     0  startup_stm32f10x_md.o(.text)
    __aeabi_ldivmod                          0x08000141   Thumb Code    90  ldiv.o(.text)
    __aeabi_memset                           0x0800019b   Thumb Code    14  memseta.o(.text)
    __aeabi_memset4                          0x0800019b   Thumb Code     0  memseta.o(.text)
    __aeabi_memset8                          0x0800019b   Thumb Code     0  memseta.o(.text)
    __aeabi_memclr                           0x080001a9   Thumb Code     4  memseta.o(.text)
    __aeabi_memclr4                          0x080001a9   Thumb Code     0  memseta.o(.text)
    __aeabi_memclr8                          0x080001a9   Thumb Code     0  memseta.o(.text)
    _memset$wrapper                          0x080001ad   Thumb Code    18  memseta.o(.text)
    memcmp                                   0x080001bf   Thumb Code    26  memcmp.o(.text)
    __aeabi_fadd                             0x080001d9   Thumb Code   164  fadd.o(.text)
    __aeabi_fsub                             0x0800027d   Thumb Code     6  fadd.o(.text)
    __aeabi_frsub                            0x08000283   Thumb Code     6  fadd.o(.text)
    __aeabi_fmul                             0x08000289   Thumb Code   100  fmul.o(.text)
    __aeabi_fdiv                             0x080002ed   Thumb Code   124  fdiv.o(.text)
    __aeabi_dadd                             0x08000369   Thumb Code   322  dadd.o(.text)
    __aeabi_dsub                             0x080004ab   Thumb Code     6  dadd.o(.text)
    __aeabi_drsub                            0x080004b1   Thumb Code     6  dadd.o(.text)
    __aeabi_dmul                             0x080004b7   Thumb Code   228  dmul.o(.text)
    __aeabi_ddiv                             0x0800059b   Thumb Code   222  ddiv.o(.text)
    __aeabi_i2f                              0x08000679   Thumb Code    18  fflti.o(.text)
    __aeabi_ui2f                             0x0800068b   Thumb Code    10  ffltui.o(.text)
    __aeabi_i2d                              0x08000695   Thumb Code    34  dflti.o(.text)
    __aeabi_f2iz                             0x080006b7   Thumb Code    50  ffixi.o(.text)
    __aeabi_f2uiz                            0x080006e9   Thumb Code    40  ffixui.o(.text)
    __aeabi_d2uiz                            0x08000711   Thumb Code    50  dfixui.o(.text)
    __aeabi_f2d                              0x08000743   Thumb Code    38  f2d.o(.text)
    __aeabi_d2f                              0x08000769   Thumb Code    56  d2f.o(.text)
    __aeabi_cfcmpeq                          0x080007a1   Thumb Code     0  cfcmple.o(.text)
    __aeabi_cfcmple                          0x080007a1   Thumb Code    20  cfcmple.o(.text)
    __aeabi_cfrcmple                         0x080007b5   Thumb Code    20  cfrcmple.o(.text)
    __aeabi_uldivmod                         0x080007c9   Thumb Code    98  uldiv.o(.text)
    __aeabi_llsl                             0x0800082b   Thumb Code    30  llshl.o(.text)
    _ll_shift_l                              0x0800082b   Thumb Code     0  llshl.o(.text)
    __aeabi_llsr                             0x08000849   Thumb Code    32  llushr.o(.text)
    _ll_ushift_r                             0x08000849   Thumb Code     0  llushr.o(.text)
    __aeabi_lasr                             0x08000869   Thumb Code    36  llsshr.o(.text)
    _ll_sshift_r                             0x08000869   Thumb Code     0  llsshr.o(.text)
    __I$use$fp                               0x0800088d   Thumb Code     0  iusefp.o(.text)
    _float_round                             0x0800088d   Thumb Code    18  fepilogue.o(.text)
    _float_epilogue                          0x0800089f   Thumb Code    92  fepilogue.o(.text)
    _double_round                            0x080008fb   Thumb Code    26  depilogue.o(.text)
    _double_epilogue                         0x08000915   Thumb Code   156  depilogue.o(.text)
    __scatterload                            0x080009b1   Thumb Code    28  init.o(.text)
    __scatterload_rt2                        0x080009b1   Thumb Code     0  init.o(.text)
    __I$use$semihosting$fputc                0x080009d5   Thumb Code     0  iusesemip.o(.text)
    __semihosting_library_function           0x080009d5   Thumb Code     0  semi.o(.text)
    AddDelay                                 0x08000ae1   Thumb Code    36  timer.o(i.AddDelay)
    AliveEvent                               0x08000b0d   Thumb Code     2  main.o(i.AliveEvent)
    CallFun                                  0x08000b0f   Thumb Code     8  timer.o(i.CallFun)
    CheckSensor                              0x08000b19   Thumb Code   288  detectionlogic.o(i.CheckSensor)
    CheckTargetYaw                           0x08000c55   Thumb Code   116  detectionlogic.o(i.CheckTargetYaw)
    DefConfig                                0x08000ce9   Thumb Code    46  detectionlogic.o(i.DefConfig)
    Delay                                    0x08000d31   Thumb Code    58  timer.o(i.Delay)
    GetDataEvent                             0x08000d75   Thumb Code   148  main.o(i.GetDataEvent)
    InitTimer                                0x08001101   Thumb Code    44  timer.o(i.InitTimer)
    JTAG_Set                                 0x0800112d   Thumb Code    38  sys.o(i.JTAG_Set)
    KillThisTimer                            0x0800115d   Thumb Code    34  timer.o(i.KillThisTimer)
    KillTimer                                0x08001189   Thumb Code    32  timer.o(i.KillTimer)
    LED_Init                                 0x080011ad   Thumb Code    42  led.o(i.LED_Init)
    LogicRun                                 0x080011e5   Thumb Code   304  detectionlogic.o(i.LogicRun)
    MYRCC_DeInit                             0x080013d9   Thumb Code    90  sys.o(i.MYRCC_DeInit)
    MY_NVIC_Init                             0x08001441   Thumb Code   106  sys.o(i.MY_NVIC_Init)
    MY_NVIC_PriorityGroupConfig              0x080014b5   Thumb Code    32  sys.o(i.MY_NVIC_PriorityGroupConfig)
    MY_NVIC_SetVectorTable                   0x080014dd   Thumb Code    12  sys.o(i.MY_NVIC_SetVectorTable)
    OnRecvData                               0x08001565   Thumb Code   216  uartprotocol.o(i.OnRecvData)
    RTADC                                    0x0800165d   Thumb Code    66  sensor.o(i.RTADC)
    RegisterCmdEvent                         0x08001955   Thumb Code     8  uartprotocol.o(i.RegisterCmdEvent)
    RegisterEvent                            0x08001961   Thumb Code     8  detectionlogic.o(i.RegisterEvent)
    SendCmdPack                              0x0800196d   Thumb Code    62  uartprotocol.o(i.SendCmdPack)
    SendPack                                 0x080019b1   Thumb Code    94  uartprotocol.o(i.SendPack)
    SensorDetection                          0x08001a7d   Thumb Code  1350  detectionlogic.o(i.SensorDetection)
    SetDataEvent                             0x08002015   Thumb Code   592  main.o(i.SetDataEvent)
    SetDelay                                 0x080022a5   Thumb Code    16  timer.o(i.SetDelay)
    SetTargetYaw                             0x080022bd   Thumb Code    48  detectionlogic.o(i.SetTargetYaw)
    SetTimer                                 0x080022f9   Thumb Code    86  timer.o(i.SetTimer)
    Stm32_Clock_Init                         0x08002471   Thumb Code   134  sys.o(i.Stm32_Clock_Init)
    StopRun                                  0x0800254d   Thumb Code    70  detectionlogic.o(i.StopRun)
    SysTick_Handler                          0x0800260d   Thumb Code    62  timer.o(i.SysTick_Handler)
    TIM3_IRQHandler                          0x08002765   Thumb Code   352  wave.o(i.TIM3_IRQHandler)
    TimerRun                                 0x080028d9   Thumb Code   190  timer.o(i.TimerRun)
    UART_Init                                0x080029ad   Thumb Code   160  uart.o(i.UART_Init)
    UART_OnRecv                              0x08002a6d   Thumb Code     6  uart.o(i.UART_OnRecv)
    UART_ReSetBps                            0x08002a79   Thumb Code    86  uart.o(i.UART_ReSetBps)
    UART_SendBuff                            0x08002ad9   Thumb Code    34  uart.o(i.UART_SendBuff)
    UART_SendByte                            0x08002afd   Thumb Code    22  uart.o(i.UART_SendByte)
    UART_SendString                          0x08002b19   Thumb Code    30  uart.o(i.UART_SendString)
    USART1_IRQHandler                        0x08002b39   Thumb Code    24  uart.o(i.USART1_IRQHandler)
    UartCmd                                  0x08002b59   Thumb Code    90  uartprotocol.o(i.UartCmd)
    UnRegisterCmdEvent                       0x08002bd5   Thumb Code    38  uartprotocol.o(i.UnRegisterCmdEvent)
    WaveDetection                            0x08002cc1   Thumb Code    86  detectionlogic.o(i.WaveDetection)
    ZeroDelay                                0x080030d1   Thumb Code    20  timer.o(i.ZeroDelay)
    __0printf$8                              0x080030ed   Thumb Code    22  printf8.o(i.__0printf$8)
    __1printf$8                              0x080030ed   Thumb Code     0  printf8.o(i.__0printf$8)
    __2printf                                0x080030ed   Thumb Code     0  printf8.o(i.__0printf$8)
    __scatterload_copy                       0x0800310d   Thumb Code    14  handlers.o(i.__scatterload_copy)
    __scatterload_null                       0x0800311b   Thumb Code     2  handlers.o(i.__scatterload_null)
    __scatterload_zeroinit                   0x0800311d   Thumb Code    14  handlers.o(i.__scatterload_zeroinit)
    aack                                     0x08003589   Thumb Code     6  uartprotocol.o(i.aack)
    ackpack                                  0x0800363d   Thumb Code   118  uartprotocol.o(i.ackpack)
    delay_ms                                 0x080036d5   Thumb Code    24  delay.o(i.delay_ms)
    delay_us                                 0x080036ed   Thumb Code    68  delay.o(i.delay_us)
    dmp_enable_6x_lp_quat                    0x08003735   Thumb Code    60  inv_mpu_dmp_motion_driver.o(i.dmp_enable_6x_lp_quat)
    dmp_enable_feature                       0x08003771   Thumb Code   530  inv_mpu_dmp_motion_driver.o(i.dmp_enable_feature)
    dmp_enable_gyro_cal                      0x0800398d   Thumb Code    62  inv_mpu_dmp_motion_driver.o(i.dmp_enable_gyro_cal)
    dmp_enable_lp_quat                       0x080039e5   Thumb Code    60  inv_mpu_dmp_motion_driver.o(i.dmp_enable_lp_quat)
    dmp_load_motion_driver_firmware          0x08003a21   Thumb Code    20  inv_mpu_dmp_motion_driver.o(i.dmp_load_motion_driver_firmware)
    dmp_set_accel_bias                       0x08003a39   Thumb Code   300  inv_mpu_dmp_motion_driver.o(i.dmp_set_accel_bias)
    dmp_set_fifo_rate                        0x08003b69   Thumb Code    96  inv_mpu_dmp_motion_driver.o(i.dmp_set_fifo_rate)
    dmp_set_gyro_bias                        0x08003bd9   Thumb Code   294  inv_mpu_dmp_motion_driver.o(i.dmp_set_gyro_bias)
    dmp_set_orientation                      0x08003d09   Thumb Code   290  inv_mpu_dmp_motion_driver.o(i.dmp_set_orientation)
    dmp_set_shake_reject_thresh              0x08003e41   Thumb Code    56  inv_mpu_dmp_motion_driver.o(i.dmp_set_shake_reject_thresh)
    dmp_set_shake_reject_time                0x08003e79   Thumb Code    38  inv_mpu_dmp_motion_driver.o(i.dmp_set_shake_reject_time)
    dmp_set_shake_reject_timeout             0x08003e9f   Thumb Code    38  inv_mpu_dmp_motion_driver.o(i.dmp_set_shake_reject_timeout)
    dmp_set_tap_axes                         0x08003ec5   Thumb Code    70  inv_mpu_dmp_motion_driver.o(i.dmp_set_tap_axes)
    dmp_set_tap_count                        0x08003f0b   Thumb Code    38  inv_mpu_dmp_motion_driver.o(i.dmp_set_tap_count)
    dmp_set_tap_thresh                       0x08003f31   Thumb Code   396  inv_mpu_dmp_motion_driver.o(i.dmp_set_tap_thresh)
    dmp_set_tap_time                         0x080040d1   Thumb Code    38  inv_mpu_dmp_motion_driver.o(i.dmp_set_tap_time)
    dmp_set_tap_time_multi                   0x080040f7   Thumb Code    38  inv_mpu_dmp_motion_driver.o(i.dmp_set_tap_time_multi)
    fputc                                    0x0800411d   Thumb Code    18  fputc.o(i.fputc)
    inPoint                                  0x08004899   Thumb Code    62  main.o(i.inPoint)
    inv_orientation_matrix_to_scalar         0x08004b6d   Thumb Code    40  inv_mpu.o(i.inv_orientation_matrix_to_scalar)
    inv_row_2_scale                          0x08004b95   Thumb Code    78  inv_mpu.o(i.inv_row_2_scale)
    inway                                    0x08004be5   Thumb Code   164  main.o(i.inway)
    isLink                                   0x08004d2d   Thumb Code    14  uartprotocol.o(i.isLink)
    isUse                                    0x08004d41   Thumb Code    22  timer.o(i.isUse)
    main                                     0x08004d5d   Thumb Code   276  main.o(i.main)
    mpu_configure_fifo                       0x08004ec9   Thumb Code   106  inv_mpu.o(i.mpu_configure_fifo)
    mpu_dmp_init                             0x08004f39   Thumb Code   152  inv_mpu.o(i.mpu_dmp_init)
    mpu_get_accel_fsr                        0x08004fd9   Thumb Code    72  inv_mpu.o(i.mpu_get_accel_fsr)
    mpu_get_accel_sens                       0x08005025   Thumb Code    78  inv_mpu.o(i.mpu_get_accel_sens)
    mpu_get_fifo_config                      0x08005079   Thumb Code    12  inv_mpu.o(i.mpu_get_fifo_config)
    mpu_get_gyro_fsr                         0x08005089   Thumb Code    64  inv_mpu.o(i.mpu_get_gyro_fsr)
    mpu_get_gyro_sens                        0x080050cd   Thumb Code    58  inv_mpu.o(i.mpu_get_gyro_sens)
    mpu_get_lpf                              0x0800511d   Thumb Code    74  inv_mpu.o(i.mpu_get_lpf)
    mpu_get_sample_rate                      0x0800516d   Thumb Code    26  inv_mpu.o(i.mpu_get_sample_rate)
    mpu_init                                 0x0800518d   Thumb Code   424  inv_mpu.o(i.mpu_init)
    mpu_load_firmware                        0x08005389   Thumb Code   184  inv_mpu.o(i.mpu_load_firmware)
    mpu_lp_accel_mode                        0x08005449   Thumb Code   222  inv_mpu.o(i.mpu_lp_accel_mode)
    mpu_read_mem                             0x08005531   Thumb Code   126  inv_mpu.o(i.mpu_read_mem)
    mpu_reset_fifo                           0x080055b9   Thumb Code   472  inv_mpu.o(i.mpu_reset_fifo)
    mpu_run_self_test                        0x08005799   Thumb Code   278  inv_mpu.o(i.mpu_run_self_test)
    mpu_set_accel_fsr                        0x080058b5   Thumb Code   128  inv_mpu.o(i.mpu_set_accel_fsr)
    mpu_set_bypass                           0x0800593d   Thumb Code   340  inv_mpu.o(i.mpu_set_bypass)
    mpu_set_dmp_state                        0x08005a99   Thumb Code   142  inv_mpu.o(i.mpu_set_dmp_state)
    mpu_set_gyro_fsr                         0x08005b31   Thumb Code   134  inv_mpu.o(i.mpu_set_gyro_fsr)
    mpu_set_int_latched                      0x08005bc1   Thumb Code   104  inv_mpu.o(i.mpu_set_int_latched)
    mpu_set_lpf                              0x08005c31   Thumb Code   128  inv_mpu.o(i.mpu_set_lpf)
    mpu_set_sample_rate                      0x08005cb9   Thumb Code   154  inv_mpu.o(i.mpu_set_sample_rate)
    mpu_set_sensors                          0x08005d5d   Thumb Code   206  inv_mpu.o(i.mpu_set_sensors)
    mpu_write_mem                            0x08005e35   Thumb Code   126  inv_mpu.o(i.mpu_write_mem)
    run_self_test                            0x08005ebd   Thumb Code   148  inv_mpu.o(i.run_self_test)
    sendackpacket                            0x08005f51   Thumb Code    24  uartprotocol.o(i.sendackpacket)
    setLenghtData                            0x08005f91   Thumb Code    10  wave.o(i.setLenghtData)
    tick1                                    0x08006291   Thumb Code   238  main.o(i.tick1)
    turndone                                 0x080063b1   Thumb Code    32  main.o(i.turndone)
    Wave                                     0x080063e0   Data           8  wave.o(.constdata)
    Motor                                    0x080063e8   Data           8  motor.o(.constdata)
    PID                                      0x080063f0   Data           8  pid.o(.constdata)
    Sensor                                   0x080063f8   Data          20  sensor.o(.constdata)
    UART                                     0x0800640c   Data          24  uart.o(.constdata)
    UartProtocol                             0x08006460   Data          32  uartprotocol.o(.constdata)
    Timer                                    0x08006480   Data          40  timer.o(.constdata)
    IIC                                      0x080064a8   Data          32  iic.o(.constdata)
    MPU                                      0x080064c8   Data          48  mpu6050.o(.constdata)
    reg                                      0x080070f0   Data          27  inv_mpu.o(.constdata)
    hw                                       0x0800710c   Data          12  inv_mpu.o(.constdata)
    test                                     0x08007118   Data          40  inv_mpu.o(.constdata)
    PathType                                 0x08007140   Data           3  detectionlogic.o(.constdata)
    runStatusType                            0x08007143   Data           8  detectionlogic.o(.constdata)
    FailType                                 0x0800714b   Data           2  detectionlogic.o(.constdata)
    ActionType                               0x0800714d   Data           7  detectionlogic.o(.constdata)
    ActionInfo                               0x08007154   Data          36  detectionlogic.o(.constdata)
    DetectionLogic                           0x08007178   Data          20  detectionlogic.o(.constdata)
    ADC                                      0x0800718c   Data           8  adc.o(.constdata)
    Region$$Table$$Base                      0x080071e4   Number         0  anon$$obj.o(Region$$Table)
    Region$$Table$$Limit                     0x08007204   Number         0  anon$$obj.o(Region$$Table)
    pitch                                    0x20000000   Data           4  main.o(.data)
    roll                                     0x20000004   Data           4  main.o(.data)
    yaw                                      0x20000008   Data           4  main.o(.data)
    flen                                     0x2000000c   Data           2  main.o(.data)
    blen                                     0x2000000e   Data           2  main.o(.data)
    lastAction                               0x20000010   Data           2  main.o(.data)
    lastCodeID                               0x20000012   Data           2  main.o(.data)
    lastTick                                 0x20000014   Data           2  main.o(.data)
    AveSpeedL                                0x20000016   Data           1  main.o(.data)
    AveSpeedR                                0x20000017   Data           1  main.o(.data)
    statusRL                                 0x20000018   Data           1  main.o(.data)
    len1                                     0x2000001c   Data           4  wave.o(.data)
    len2                                     0x20000020   Data           4  wave.o(.data)
    TIM3CH3_CAPTURE_STA                      0x20000024   Data           1  wave.o(.data)
    TIM3CH3_CAPTURE_VAL                      0x20000026   Data           2  wave.o(.data)
    TIM3CH4_CAPTURE_STA                      0x20000028   Data           1  wave.o(.data)
    TIM3CH4_CAPTURE_VAL                      0x2000002a   Data           2  wave.o(.data)
    Status                                   0x20000034   Data           2  sensor.o(.data)
    OnRecv                                   0x20000038   Data           4  uart.o(.data)
    recvmode                                 0x20000040   Data           1  uartprotocol.o(.data)
    RecvFlag                                 0x20000041   Data           1  uartprotocol.o(.data)
    RecvCheck                                0x20000042   Data           1  uartprotocol.o(.data)
    TimeOut                                  0x20000043   Data           1  uartprotocol.o(.data)
    LinkTimeOut                              0x20000044   Data           2  uartprotocol.o(.data)
    recvcmd                                  0x20000046   Data           1  uartprotocol.o(.data)
    savecmd                                  0x20000047   Data           1  uartprotocol.o(.data)
    sendSize                                 0x20000048   Data           2  uartprotocol.o(.data)
    sendCount                                0x2000004a   Data           2  uartprotocol.o(.data)
    sendPos                                  0x2000004c   Data           2  uartprotocol.o(.data)
    sendbuff                                 0x20000050   Data           4  uartprotocol.o(.data)
    outputbuff                               0x20000054   Data           4  uartprotocol.o(.data)
    lastSendCount                            0x20000058   Data           2  uartprotocol.o(.data)
    sendSum                                  0x2000005a   Data           1  uartprotocol.o(.data)
    recvPos                                  0x2000005c   Data           2  uartprotocol.o(.data)
    packbuff                                 0x20000060   Data           4  uartprotocol.o(.data)
    packlen                                  0x20000064   Data           2  uartprotocol.o(.data)
    AutoACK                                  0x20000066   Data           1  uartprotocol.o(.data)
    this                                     0x2000006c   Data           1  timer.o(.data)
    TimerUse                                 0x2000006d   Data           1  timer.o(.data)
    InputSP                                  0x20000070   Data           4  timer.o(.data)
    TimerTick                                0x20000074   Data           4  timer.o(.data)
    PathList                                 0x200000b4   Data           4  detectionlogic.o(.data)
    PathPos                                  0x200000b8   Data           2  detectionlogic.o(.data)
    PathLen                                  0x200000ba   Data           2  detectionlogic.o(.data)
    waveLenght                               0x200000bc   Data           2  detectionlogic.o(.data)
    waveCount                                0x200000be   Data           2  detectionlogic.o(.data)
    waveDisableLenght                        0x200000c0   Data           1  detectionlogic.o(.data)
    TargetYaw                                0x200000c2   Data           2  detectionlogic.o(.data)
    MinAngle                                 0x200000c4   Data           2  detectionlogic.o(.data)
    Yaw                                      0x200000c6   Data           2  detectionlogic.o(.data)
    StatusCode                               0x200000c8   Data           9  detectionlogic.o(.data)
    LeftValue                                0x200000d2   Data           2  detectionlogic.o(.data)
    RightValue                               0x200000d4   Data           2  detectionlogic.o(.data)
    lastLeftValue                            0x200000d6   Data           2  detectionlogic.o(.data)
    lastRightValue                           0x200000d8   Data           2  detectionlogic.o(.data)
    LeftDt                                   0x200000da   Data           1  detectionlogic.o(.data)
    RightDt                                  0x200000db   Data           1  detectionlogic.o(.data)
    MotorLeftSpeed                           0x200000dc   Data           1  detectionlogic.o(.data)
    MotorRightSpeed                          0x200000dd   Data           1  detectionlogic.o(.data)
    Statuscount                              0x200000de   Data           1  detectionlogic.o(.data)
    lastStatus                               0x200000df   Data           1  detectionlogic.o(.data)
    DirectionThreshold                       0x200000e0   Data           1  detectionlogic.o(.data)
    WayThreshold                             0x200000e1   Data           1  detectionlogic.o(.data)
    turnErrorAngle                           0x200000e2   Data           1  detectionlogic.o(.data)
    StopTime                                 0x200000e3   Data           1  detectionlogic.o(.data)
    PathSelect                               0x200000e4   Data           1  detectionlogic.o(.data)
    lastPathSelect                           0x200000e5   Data           1  detectionlogic.o(.data)
    LeftSelect                               0x200000e6   Data           1  detectionlogic.o(.data)
    MidSelect                                0x200000e7   Data           1  detectionlogic.o(.data)
    RightSelect                              0x200000e8   Data           1  detectionlogic.o(.data)
    turnLeftSpeed                            0x200000e9   Data           1  detectionlogic.o(.data)
    turnRightSpeed                           0x200000ea   Data           1  detectionlogic.o(.data)
    runStatus                                0x200000eb   Data           1  detectionlogic.o(.data)
    lastrunStatus                            0x200000ec   Data           1  detectionlogic.o(.data)
    RunDir                                   0x200000ed   Data           1  detectionlogic.o(.data)
    StatusTick                               0x200000ee   Data           2  detectionlogic.o(.data)
    lastError                                0x200000f0   Data           1  detectionlogic.o(.data)
    Speed                                    0x200000f2   Data           2  detectionlogic.o(.data)
    __stdout                                 0x200000f8   Data           4  stdout.o(.data)
    buffdata                                 0x200000fc   Data         192  main.o(.bss)
    pathbuff                                 0x200001bc   Data        1024  main.o(.bss)
    CHTH                                     0x200005bc   Data          18  sensor.o(.bss)
    CHVA                                     0x200005ce   Data          18  sensor.o(.bss)
    UartCmdEvent                             0x200005e0   Data          64  uartprotocol.o(.bss)
    TimerList                                0x20000620   Data          96  timer.o(.bss)
    LeftSpeed                                0x20000690   Data          28  detectionlogic.o(.bss)
    RightSpeed                               0x200006ac   Data          28  detectionlogic.o(.bss)
    eventlist                                0x200006c8   Data          28  detectionlogic.o(.bss)
    __initial_sp                             0x20000ee8   Data           0  startup_stm32f10x_md.o(STACK)



==============================================================================

Memory Map of the image

  Image Entry point : 0x080000ed

  Load Region LR_IROM1 (Base: 0x08000000, Size: 0x00007300, Max: 0x00010000, ABSOLUTE)

    Execution Region ER_IROM1 (Base: 0x08000000, Size: 0x00007204, Max: 0x00010000, ABSOLUTE)

    Base Addr    Size         Type   Attr      Idx    E Section Name        Object

    0x08000000   0x000000ec   Data   RO          147    RESET               startup_stm32f10x_md.o
    0x080000ec   0x00000000   Code   RO         1596  * .ARM.Collect$$$$00000000  mc_w.l(entry.o)
    0x080000ec   0x00000004   Code   RO         1923    .ARM.Collect$$$$00000001  mc_w.l(entry2.o)
    0x080000f0   0x00000004   Code   RO         1926    .ARM.Collect$$$$00000004  mc_w.l(entry5.o)
    0x080000f4   0x00000000   Code   RO         1928    .ARM.Collect$$$$00000008  mc_w.l(entry7b.o)
    0x080000f4   0x00000000   Code   RO         1930    .ARM.Collect$$$$0000000A  mc_w.l(entry8b.o)
    0x080000f4   0x00000008   Code   RO         1931    .ARM.Collect$$$$0000000B  mc_w.l(entry9a.o)
    0x080000fc   0x00000000   Code   RO         1933    .ARM.Collect$$$$0000000D  mc_w.l(entry10a.o)
    0x080000fc   0x00000000   Code   RO         1935    .ARM.Collect$$$$0000000F  mc_w.l(entry11a.o)
    0x080000fc   0x00000004   Code   RO         1924    .ARM.Collect$$$$00002712  mc_w.l(entry2.o)
    0x08000100   0x00000024   Code   RO          667    .emb_text           timer.o
    0x08000124   0x0000001c   Code   RO          148    .text               startup_stm32f10x_md.o
    0x08000140   0x0000005a   Code   RO         1599    .text               mc_w.l(ldiv.o)
    0x0800019a   0x00000024   Code   RO         1601    .text               mc_w.l(memseta.o)
    0x080001be   0x0000001a   Code   RO         1603    .text               mc_w.l(memcmp.o)
    0x080001d8   0x000000b0   Code   RO         1866    .text               mf_w.l(fadd.o)
    0x08000288   0x00000064   Code   RO         1868    .text               mf_w.l(fmul.o)
    0x080002ec   0x0000007c   Code   RO         1870    .text               mf_w.l(fdiv.o)
    0x08000368   0x0000014e   Code   RO         1872    .text               mf_w.l(dadd.o)
    0x080004b6   0x000000e4   Code   RO         1874    .text               mf_w.l(dmul.o)
    0x0800059a   0x000000de   Code   RO         1876    .text               mf_w.l(ddiv.o)
    0x08000678   0x00000012   Code   RO         1878    .text               mf_w.l(fflti.o)
    0x0800068a   0x0000000a   Code   RO         1880    .text               mf_w.l(ffltui.o)
    0x08000694   0x00000022   Code   RO         1882    .text               mf_w.l(dflti.o)
    0x080006b6   0x00000032   Code   RO         1884    .text               mf_w.l(ffixi.o)
    0x080006e8   0x00000028   Code   RO         1886    .text               mf_w.l(ffixui.o)
    0x08000710   0x00000032   Code   RO         1888    .text               mf_w.l(dfixui.o)
    0x08000742   0x00000026   Code   RO         1890    .text               mf_w.l(f2d.o)
    0x08000768   0x00000038   Code   RO         1892    .text               mf_w.l(d2f.o)
    0x080007a0   0x00000014   Code   RO         1894    .text               mf_w.l(cfcmple.o)
    0x080007b4   0x00000014   Code   RO         1896    .text               mf_w.l(cfrcmple.o)
    0x080007c8   0x00000062   Code   RO         1942    .text               mc_w.l(uldiv.o)
    0x0800082a   0x0000001e   Code   RO         1944    .text               mc_w.l(llshl.o)
    0x08000848   0x00000020   Code   RO         1946    .text               mc_w.l(llushr.o)
    0x08000868   0x00000024   Code   RO         1948    .text               mc_w.l(llsshr.o)
    0x0800088c   0x00000000   Code   RO         1957    .text               mc_w.l(iusefp.o)
    0x0800088c   0x0000006e   Code   RO         1958    .text               mf_w.l(fepilogue.o)
    0x080008fa   0x000000b6   Code   RO         1960    .text               mf_w.l(depilogue.o)
    0x080009b0   0x00000024   Code   RO         1968    .text               mc_w.l(init.o)
    0x080009d4   0x00000000   Code   RO         1970    .text               mc_w.l(semi.o)
    0x080009d4   0x00000000   Code   RO         1971    .text               mc_w.l(iusesemip.o)
    0x080009d4   0x00000050   Code   RO          757    i.Ack               iic.o
    0x08000a24   0x000000bc   Code   RO         1414    i.ActionRun         detectionlogic.o
    0x08000ae0   0x0000002c   Code   RO          668    i.AddDelay          timer.o
    0x08000b0c   0x00000002   Code   RO            1    i.AliveEvent        main.o
    0x08000b0e   0x00000008   Code   RO          669    i.CallFun           timer.o
    0x08000b16   0x00000002   PAD
    0x08000b18   0x0000013c   Code   RO         1415    i.CheckSensor       detectionlogic.o
    0x08000c54   0x00000094   Code   RO         1416    i.CheckTargetYaw    detectionlogic.o
    0x08000ce8   0x00000048   Code   RO         1417    i.DefConfig         detectionlogic.o
    0x08000d30   0x00000044   Code   RO          670    i.Delay             timer.o
    0x08000d74   0x000000c0   Code   RO            2    i.GetDataEvent      main.o
    0x08000e34   0x00000058   Code   RO          809    i.Get_Accelerometer  mpu6050.o
    0x08000e8c   0x00000058   Code   RO          810    i.Get_Gyroscope     mpu6050.o
    0x08000ee4   0x0000006c   Code   RO          811    i.Get_Temperature   mpu6050.o
    0x08000f50   0x0000005c   Code   RO          166    i.Init              wave.o
    0x08000fac   0x00000014   Code   RO          340    i.Init              pid.o
    0x08000fc0   0x00000064   Code   RO          508    i.Init              uartprotocol.o
    0x08001024   0x0000003c   Code   RO          758    i.Init              iic.o
    0x08001060   0x000000a0   Code   RO          812    i.Init              mpu6050.o
    0x08001100   0x0000002c   Code   RO          671    i.InitTimer         timer.o
    0x0800112c   0x00000030   Code   RO          250    i.JTAG_Set          sys.o
    0x0800115c   0x0000002c   Code   RO          672    i.KillThisTimer     timer.o
    0x08001188   0x00000024   Code   RO          673    i.KillTimer         timer.o
    0x080011ac   0x00000038   Code   RO          153    i.LED_Init          led.o
    0x080011e4   0x00000174   Code   RO         1418    i.LogicRun          detectionlogic.o
    0x08001358   0x00000080   Code   RO          362    i.Loop              sensor.o
    0x080013d8   0x00000068   Code   RO          251    i.MYRCC_DeInit      sys.o
    0x08001440   0x00000074   Code   RO          252    i.MY_NVIC_Init      sys.o
    0x080014b4   0x00000028   Code   RO          253    i.MY_NVIC_PriorityGroupConfig  sys.o
    0x080014dc   0x00000014   Code   RO          254    i.MY_NVIC_SetVectorTable  sys.o
    0x080014f0   0x00000024   Code   RO         1420    i.MotorRun          detectionlogic.o
    0x08001514   0x00000050   Code   RO          759    i.NAck              iic.o
    0x08001564   0x000000f8   Code   RO          509    i.OnRecvData        uartprotocol.o
    0x0800165c   0x00000048   Code   RO          363    i.RTADC             sensor.o
    0x080016a4   0x00000050   Code   RO          510    i.ReadBuff          uartprotocol.o
    0x080016f4   0x00000034   Code   RO          511    i.ReadByte          uartprotocol.o
    0x08001728   0x00000078   Code   RO          512    i.ReadDWord         uartprotocol.o
    0x080017a0   0x00000010   Code   RO          364    i.ReadData          sensor.o
    0x080017b0   0x00000050   Code   RO          513    i.ReadWord          uartprotocol.o
    0x08001800   0x00000070   Code   RO          760    i.Read_Byte         iic.o
    0x08001870   0x00000054   Code   RO          813    i.Read_Byte         mpu6050.o
    0x080018c4   0x00000090   Code   RO          814    i.Read_Len          mpu6050.o
    0x08001954   0x0000000c   Code   RO          514    i.RegisterCmdEvent  uartprotocol.o
    0x08001960   0x0000000c   Code   RO         1421    i.RegisterEvent     detectionlogic.o
    0x0800196c   0x00000044   Code   RO          515    i.SendCmdPack       uartprotocol.o
    0x080019b0   0x00000064   Code   RO          516    i.SendPack          uartprotocol.o
    0x08001a14   0x00000068   Code   RO          761    i.Send_Byte         iic.o
    0x08001a7c   0x00000598   Code   RO         1422    i.SensorDetection   detectionlogic.o
    0x08002014   0x00000290   Code   RO            3    i.SetDataEvent      main.o
    0x080022a4   0x00000018   Code   RO          674    i.SetDelay          timer.o
    0x080022bc   0x0000003c   Code   RO         1423    i.SetTargetYaw      detectionlogic.o
    0x080022f8   0x00000060   Code   RO          675    i.SetTimer          timer.o
    0x08002358   0x00000018   Code   RO          815    i.Set_Accel_Fsr     mpu6050.o
    0x08002370   0x00000018   Code   RO          816    i.Set_Gyro_Fsr      mpu6050.o
    0x08002388   0x00000040   Code   RO          817    i.Set_LPF           mpu6050.o
    0x080023c8   0x00000044   Code   RO          818    i.Set_Rate          mpu6050.o
    0x0800240c   0x00000018   Code   RO          517    i.Setoffset         uartprotocol.o
    0x08002424   0x0000004c   Code   RO          762    i.Start             iic.o
    0x08002470   0x00000090   Code   RO          255    i.Stm32_Clock_Init  sys.o
    0x08002500   0x0000004c   Code   RO          763    i.Stop              iic.o
    0x0800254c   0x00000074   Code   RO         1424    i.StopRun           detectionlogic.o
    0x080025c0   0x0000004c   Code   RO         1425    i.StopRunAction     detectionlogic.o
    0x0800260c   0x00000048   Code   RO          676    i.SysTick_Handler   timer.o
    0x08002654   0x00000110   Code   RO          167    i.TIM3CapInit       wave.o
    0x08002764   0x00000174   Code   RO          168    i.TIM3_IRQHandler   wave.o
    0x080028d8   0x000000d4   Code   RO          677    i.TimerRun          timer.o
    0x080029ac   0x000000c0   Code   RO          443    i.UART_Init         uart.o
    0x08002a6c   0x0000000c   Code   RO          444    i.UART_OnRecv       uart.o
    0x08002a78   0x00000060   Code   RO          445    i.UART_ReSetBps     uart.o
    0x08002ad8   0x00000022   Code   RO          446    i.UART_SendBuff     uart.o
    0x08002afa   0x00000002   PAD
    0x08002afc   0x0000001c   Code   RO          447    i.UART_SendByte     uart.o
    0x08002b18   0x0000001e   Code   RO          448    i.UART_SendString   uart.o
    0x08002b36   0x00000002   PAD
    0x08002b38   0x00000020   Code   RO          450    i.USART1_IRQHandler  uart.o
    0x08002b58   0x0000007c   Code   RO          519    i.UartCmd           uartprotocol.o
    0x08002bd4   0x0000002c   Code   RO          520    i.UnRegisterCmdEvent  uartprotocol.o
    0x08002c00   0x0000005a   Code   RO          341    i.Update            pid.o
    0x08002c5a   0x00000002   PAD
    0x08002c5c   0x00000064   Code   RO          764    i.Wait_Ack          iic.o
    0x08002cc0   0x00000068   Code   RO         1426    i.WaveDetection     detectionlogic.o
    0x08002d28   0x00000070   Code   RO          521    i.WriteBuff         uartprotocol.o
    0x08002d98   0x00000064   Code   RO          522    i.WriteByte         uartprotocol.o
    0x08002dfc   0x000000f4   Code   RO          523    i.WriteDWord        uartprotocol.o
    0x08002ef0   0x00000098   Code   RO          524    i.WriteWord         uartprotocol.o
    0x08002f88   0x0000005c   Code   RO          819    i.Write_Byte        mpu6050.o
    0x08002fe4   0x00000078   Code   RO          820    i.Write_Len         mpu6050.o
    0x0800305c   0x00000074   Code   RO          525    i.Writestr          uartprotocol.o
    0x080030d0   0x0000001c   Code   RO          678    i.ZeroDelay         timer.o
    0x080030ec   0x00000020   Code   RO         1812    i.__0printf$8       mc_w.l(printf8.o)
    0x0800310c   0x0000000e   Code   RO         1978    i.__scatterload_copy  mc_w.l(handlers.o)
    0x0800311a   0x00000002   Code   RO         1979    i.__scatterload_null  mc_w.l(handlers.o)
    0x0800311c   0x0000000e   Code   RO         1980    i.__scatterload_zeroinit  mc_w.l(handlers.o)
    0x0800312a   0x00000002   PAD
    0x0800312c   0x00000408   Code   RO         1819    i._printf_core      mc_w.l(printf8.o)
    0x08003534   0x00000024   Code   RO         1820    i._printf_post_padding  mc_w.l(printf8.o)
    0x08003558   0x0000002e   Code   RO         1821    i._printf_pre_padding  mc_w.l(printf8.o)
    0x08003586   0x00000002   PAD
    0x08003588   0x0000000c   Code   RO          526    i.aack              uartprotocol.o
    0x08003594   0x000000a8   Code   RO         1085    i.accel_self_test   inv_mpu.o
    0x0800363c   0x00000098   Code   RO          527    i.ackpack           uartprotocol.o
    0x080036d4   0x00000018   Code   RO          217    i.delay_ms          delay.o
    0x080036ec   0x00000048   Code   RO          219    i.delay_us          delay.o
    0x08003734   0x0000003c   Code   RO          886    i.dmp_enable_6x_lp_quat  inv_mpu_dmp_motion_driver.o
    0x08003770   0x0000021c   Code   RO          887    i.dmp_enable_feature  inv_mpu_dmp_motion_driver.o
    0x0800398c   0x00000058   Code   RO          888    i.dmp_enable_gyro_cal  inv_mpu_dmp_motion_driver.o
    0x080039e4   0x0000003c   Code   RO          889    i.dmp_enable_lp_quat  inv_mpu_dmp_motion_driver.o
    0x08003a20   0x00000018   Code   RO          894    i.dmp_load_motion_driver_firmware  inv_mpu_dmp_motion_driver.o
    0x08003a38   0x00000130   Code   RO          898    i.dmp_set_accel_bias  inv_mpu_dmp_motion_driver.o
    0x08003b68   0x00000070   Code   RO          899    i.dmp_set_fifo_rate  inv_mpu_dmp_motion_driver.o
    0x08003bd8   0x00000130   Code   RO          900    i.dmp_set_gyro_bias  inv_mpu_dmp_motion_driver.o
    0x08003d08   0x00000138   Code   RO          902    i.dmp_set_orientation  inv_mpu_dmp_motion_driver.o
    0x08003e40   0x00000038   Code   RO          905    i.dmp_set_shake_reject_thresh  inv_mpu_dmp_motion_driver.o
    0x08003e78   0x00000026   Code   RO          906    i.dmp_set_shake_reject_time  inv_mpu_dmp_motion_driver.o
    0x08003e9e   0x00000026   Code   RO          907    i.dmp_set_shake_reject_timeout  inv_mpu_dmp_motion_driver.o
    0x08003ec4   0x00000046   Code   RO          908    i.dmp_set_tap_axes  inv_mpu_dmp_motion_driver.o
    0x08003f0a   0x00000026   Code   RO          909    i.dmp_set_tap_count  inv_mpu_dmp_motion_driver.o
    0x08003f30   0x000001a0   Code   RO          910    i.dmp_set_tap_thresh  inv_mpu_dmp_motion_driver.o
    0x080040d0   0x00000026   Code   RO          911    i.dmp_set_tap_time  inv_mpu_dmp_motion_driver.o
    0x080040f6   0x00000026   Code   RO          912    i.dmp_set_tap_time_multi  inv_mpu_dmp_motion_driver.o
    0x0800411c   0x00000012   Code   RO         1937    i.fputc             mc_w.l(fputc.o)
    0x0800412e   0x00000002   PAD
    0x08004130   0x0000004c   Code   RO         1556    i.getADCValue       adc.o
    0x0800417c   0x00000010   Code   RO          365    i.getCHVA           sensor.o
    0x0800418c   0x0000000c   Code   RO         1427    i.getLastError      detectionlogic.o
    0x08004198   0x00000018   Code   RO         1428    i.getLastPath       detectionlogic.o
    0x080041b0   0x00000024   Code   RO         1429    i.getPathCount      detectionlogic.o
    0x080041d4   0x0000000c   Code   RO         1430    i.getTime           detectionlogic.o
    0x080041e0   0x000000bc   Code   RO         1086    i.get_accel_prod_shift  inv_mpu.o
    0x0800429c   0x00000498   Code   RO         1087    i.get_st_biases     inv_mpu.o
    0x08004734   0x00000014   Code   RO          528    i.getbuff           uartprotocol.o
    0x08004748   0x0000000c   Code   RO          529    i.getcmd            uartprotocol.o
    0x08004754   0x0000000c   Code   RO         1431    i.getdir            detectionlogic.o
    0x08004760   0x0000000c   Code   RO          530    i.getlen            uartprotocol.o
    0x0800476c   0x00000014   Code   RO          531    i.getsendbuff       uartprotocol.o
    0x08004780   0x00000118   Code   RO         1088    i.gyro_self_test    inv_mpu.o
    0x08004898   0x00000050   Code   RO            4    i.inPoint           main.o
    0x080048e8   0x0000002c   Code   RO         1432    i.inPoint           detectionlogic.o
    0x08004914   0x000000bc   Code   RO          312    i.init              motor.o
    0x080049d0   0x0000009c   Code   RO          366    i.init              sensor.o
    0x08004a6c   0x00000048   Code   RO         1433    i.init              detectionlogic.o
    0x08004ab4   0x00000090   Code   RO         1557    i.init              adc.o
    0x08004b44   0x00000028   Code   RO         1434    i.inturndone        detectionlogic.o
    0x08004b6c   0x00000028   Code   RO         1089    i.inv_orientation_matrix_to_scalar  inv_mpu.o
    0x08004b94   0x0000004e   Code   RO         1090    i.inv_row_2_scale   inv_mpu.o
    0x08004be2   0x00000002   PAD
    0x08004be4   0x000000bc   Code   RO            5    i.inway             main.o
    0x08004ca0   0x0000008c   Code   RO         1435    i.inway             detectionlogic.o
    0x08004d2c   0x00000014   Code   RO          532    i.isLink            uartprotocol.o
    0x08004d40   0x0000001c   Code   RO          679    i.isUse             timer.o
    0x08004d5c   0x0000016c   Code   RO            7    i.main              main.o
    0x08004ec8   0x00000070   Code   RO         1092    i.mpu_configure_fifo  inv_mpu.o
    0x08004f38   0x000000a0   Code   RO         1094    i.mpu_dmp_init      inv_mpu.o
    0x08004fd8   0x0000004c   Code   RO         1095    i.mpu_get_accel_fsr  inv_mpu.o
    0x08005024   0x00000054   Code   RO         1097    i.mpu_get_accel_sens  inv_mpu.o
    0x08005078   0x00000010   Code   RO         1102    i.mpu_get_fifo_config  inv_mpu.o
    0x08005088   0x00000044   Code   RO         1103    i.mpu_get_gyro_fsr  inv_mpu.o
    0x080050cc   0x00000050   Code   RO         1105    i.mpu_get_gyro_sens  inv_mpu.o
    0x0800511c   0x00000050   Code   RO         1107    i.mpu_get_lpf       inv_mpu.o
    0x0800516c   0x00000020   Code   RO         1109    i.mpu_get_sample_rate  inv_mpu.o
    0x0800518c   0x000001fc   Code   RO         1111    i.mpu_init          inv_mpu.o
    0x08005388   0x000000c0   Code   RO         1112    i.mpu_load_firmware  inv_mpu.o
    0x08005448   0x000000e8   Code   RO         1113    i.mpu_lp_accel_mode  inv_mpu.o
    0x08005530   0x00000088   Code   RO         1117    i.mpu_read_mem      inv_mpu.o
    0x080055b8   0x000001e0   Code   RO         1120    i.mpu_reset_fifo    inv_mpu.o
    0x08005798   0x0000011c   Code   RO         1121    i.mpu_run_self_test  inv_mpu.o
    0x080058b4   0x00000088   Code   RO         1123    i.mpu_set_accel_fsr  inv_mpu.o
    0x0800593c   0x0000015c   Code   RO         1124    i.mpu_set_bypass    inv_mpu.o
    0x08005a98   0x00000098   Code   RO         1126    i.mpu_set_dmp_state  inv_mpu.o
    0x08005b30   0x00000090   Code   RO         1127    i.mpu_set_gyro_fsr  inv_mpu.o
    0x08005bc0   0x00000070   Code   RO         1128    i.mpu_set_int_latched  inv_mpu.o
    0x08005c30   0x00000088   Code   RO         1130    i.mpu_set_lpf       inv_mpu.o
    0x08005cb8   0x000000a4   Code   RO         1131    i.mpu_set_sample_rate  inv_mpu.o
    0x08005d5c   0x000000d8   Code   RO         1132    i.mpu_set_sensors   inv_mpu.o
    0x08005e34   0x00000088   Code   RO         1133    i.mpu_write_mem     inv_mpu.o
    0x08005ebc   0x00000094   Code   RO         1134    i.run_self_test     inv_mpu.o
    0x08005f50   0x00000020   Code   RO          533    i.sendackpacket     uartprotocol.o
    0x08005f70   0x0000000c   Code   RO          367    i.setCHTH           sensor.o
    0x08005f7c   0x00000014   Code   RO          313    i.setDuty           motor.o
    0x08005f90   0x00000014   Code   RO          171    i.setLenghtData     wave.o
    0x08005fa4   0x000001c8   Code   RO          314    i.setSpeed          motor.o
    0x0800616c   0x00000098   Code   RO         1135    i.set_int_enable    inv_mpu.o
    0x08006204   0x0000008c   Code   RO          368    i.switchCH          sensor.o
    0x08006290   0x00000120   Code   RO            9    i.tick1             main.o
    0x080063b0   0x00000030   Code   RO           10    i.turndone          main.o
    0x080063e0   0x00000008   Data   RO          172    .constdata          wave.o
    0x080063e8   0x00000008   Data   RO          315    .constdata          motor.o
    0x080063f0   0x00000008   Data   RO          342    .constdata          pid.o
    0x080063f8   0x00000014   Data   RO          370    .constdata          sensor.o
    0x0800640c   0x00000018   Data   RO          451    .constdata          uart.o
    0x08006424   0x0000005c   Data   RO          535    .constdata          uartprotocol.o
    0x08006480   0x00000028   Data   RO          681    .constdata          timer.o
    0x080064a8   0x00000020   Data   RO          765    .constdata          iic.o
    0x080064c8   0x00000030   Data   RO          821    .constdata          mpu6050.o
    0x080064f8   0x00000bf6   Data   RO          914    .constdata          inv_mpu_dmp_motion_driver.o
    0x080070ee   0x00000002   PAD
    0x080070f0   0x00000050   Data   RO         1137    .constdata          inv_mpu.o
    0x08007140   0x0000004c   Data   RO         1437    .constdata          detectionlogic.o
    0x0800718c   0x00000008   Data   RO         1558    .constdata          adc.o
    0x08007194   0x0000004d   Data   RO         1138    .conststring        inv_mpu.o
    0x080071e1   0x00000003   PAD
    0x080071e4   0x00000020   Data   RO         1976    Region$$Table       anon$$obj.o


    Execution Region RW_IRAM1 (Base: 0x20000000, Size: 0x00000ee8, Max: 0x00005000, ABSOLUTE)

    Base Addr    Size         Type   Attr      Idx    E Section Name        Object

    0x20000000   0x0000001a   Data   RW           12    .data               main.o
    0x2000001a   0x00000002   PAD
    0x2000001c   0x00000011   Data   RW          173    .data               wave.o
    0x2000002d   0x00000001   PAD
    0x2000002e   0x00000004   Data   RW          220    .data               delay.o
    0x20000032   0x00000002   Data   RW          316    .data               motor.o
    0x20000034   0x00000003   Data   RW          371    .data               sensor.o
    0x20000037   0x00000001   PAD
    0x20000038   0x00000008   Data   RW          452    .data               uart.o
    0x20000040   0x0000002a   Data   RW          536    .data               uartprotocol.o
    0x2000006a   0x00000002   PAD
    0x2000006c   0x0000000d   Data   RW          682    .data               timer.o
    0x20000079   0x00000003   PAD
    0x2000007c   0x00000035   Data   RW         1139    .data               inv_mpu.o
    0x200000b1   0x00000003   PAD
    0x200000b4   0x00000044   Data   RW         1438    .data               detectionlogic.o
    0x200000f8   0x00000004   Data   RW         1939    .data               mc_w.l(stdout.o)
    0x200000fc   0x000004c0   Zero   RW           11    .bss                main.o
    0x200005bc   0x00000024   Zero   RW          369    .bss                sensor.o
    0x200005e0   0x00000040   Zero   RW          534    .bss                uartprotocol.o
    0x20000620   0x00000060   Zero   RW          680    .bss                timer.o
    0x20000680   0x00000010   Zero   RW          913    .bss                inv_mpu_dmp_motion_driver.o
    0x20000690   0x00000054   Zero   RW         1436    .bss                detectionlogic.o
    0x200006e4   0x00000004   PAD
    0x200006e8   0x00000800   Zero   RW          145    STACK               startup_stm32f10x_md.o


==============================================================================

Image component sizes


      Code (inc. data)   RO Data    RW Data    ZI Data      Debug   Object Name

       220         16          8          0          0       1702   adc.o
        96          4          0          4          0       1238   delay.o
      3324        582         76         68         84      15808   detectionlogic.o
       688        104         32          0          0       4710   iic.o
      6314        352        157         53          0      26680   inv_mpu.o
      2536        112       3062          0         16      17702   inv_mpu_dmp_motion_driver.o
        56         14          0          0          0        399   led.o
      1818        318          0         26       1216     214898   main.o
       664         34          8          2          0       2816   motor.o
      1064         78         48          0          0       9446   mpu6050.o
       110          0          8          0          0       2022   pid.o
       540         74         20          3         36       4490   sensor.o
        28          4        236          0       2048        800   startup_stm32f10x_md.o
       472         60          0          0          0       3139   sys.o
       740        100         40         13         96       7702   timer.o
       424         62         24          8          0      20001   uart.o
      2056        362         92         42         64      15236   uartprotocol.o
       756         58          8         17          0       3827   wave.o

    ----------------------------------------------------------------------
     21916       2334       3856        248       3564     352616   Object Totals
         0          0         32          0          0          0   (incl. Generated)
        10          0          5         12          4          0   (incl. Padding)

    ----------------------------------------------------------------------

      Code (inc. data)   RO Data    RW Data    ZI Data      Debug   Library Member Name

         0          0          0          0          0          0   entry.o
         0          0          0          0          0          0   entry10a.o
         0          0          0          0          0          0   entry11a.o
         8          4          0          0          0          0   entry2.o
         4          0          0          0          0          0   entry5.o
         0          0          0          0          0          0   entry7b.o
         0          0          0          0          0          0   entry8b.o
         8          4          0          0          0          0   entry9a.o
        18          0          0          0          0         80   fputc.o
        30          0          0          0          0          0   handlers.o
        36          8          0          0          0         68   init.o
         0          0          0          0          0          0   iusefp.o
         0          0          0          0          0          0   iusesemip.o
        90          0          0          0          0         84   ldiv.o
        30          0          0          0          0         68   llshl.o
        36          0          0          0          0         68   llsshr.o
        32          0          0          0          0         68   llushr.o
        26          0          0          0          0         80   memcmp.o
        36          0          0          0          0        108   memseta.o
      1146         54          0          0          0        352   printf8.o
         0          0          0          0          0          0   semi.o
         0          0          0          4          0          0   stdout.o
        98          0          0          0          0         92   uldiv.o
        20          0          0          0          0         68   cfcmple.o
        20          0          0          0          0         68   cfrcmple.o
        56          0          0          0          0         88   d2f.o
       334          0          0          0          0        148   dadd.o
       222          0          0          0          0        100   ddiv.o
       182          0          0          0          0        176   depilogue.o
        50          0          0          0          0         76   dfixui.o
        34          0          0          0          0         76   dflti.o
       228          0          0          0          0         96   dmul.o
        38          0          0          0          0         68   f2d.o
       176          0          0          0          0        140   fadd.o
       124          0          0          0          0         88   fdiv.o
       110          0          0          0          0        168   fepilogue.o
        50          0          0          0          0         68   ffixi.o
        40          0          0          0          0         68   ffixui.o
        18          0          0          0          0         68   fflti.o
        10          0          0          0          0         68   ffltui.o
       100          0          0          0          0         76   fmul.o

    ----------------------------------------------------------------------
      3416         70          0          4          0       2776   Library Totals
         6          0          0          0          0          0   (incl. Padding)

    ----------------------------------------------------------------------

      Code (inc. data)   RO Data    RW Data    ZI Data      Debug   Library Name

      1598         70          0          4          0       1068   mc_w.l
      1812          0          0          0          0       1708   mf_w.l

    ----------------------------------------------------------------------
      3416         70          0          4          0       2776   Library Totals

    ----------------------------------------------------------------------

==============================================================================


      Code (inc. data)   RO Data    RW Data    ZI Data      Debug   

     25332       2404       3856        252       3564     345404   Grand Totals
     25332       2404       3856        252       3564     345404   ELF Image Totals
     25332       2404       3856        252          0          0   ROM Totals

==============================================================================

    Total RO  Size (Code + RO Data)                29188 (  28.50kB)
    Total RW  Size (RW Data + ZI Data)              3816 (   3.73kB)
    Total ROM Size (Code + RO Data + RW Data)      29440 (  28.75kB)

==============================================================================

